// Jest Snapshot v1, https://goo.gl/fbAQLP

exports[`User Form should display empty form for new user 1`] = `
<div>
  <form>
    <div
      class="d-flex-ac"
    >
      <label
        class="custom-label"
      >
        First Name: 
      </label>
      <input
        class="custom-input "
        name="firstName"
        placeholder="First Name"
        value=""
      />
    </div>
    <div
      class="d-flex-ac mt-32"
    >
      <label
        class="custom-label"
      >
        Last Name: 
      </label>
      <input
        class="custom-input"
        name="lastName"
        placeholder="Last Name"
        value=""
      />
    </div>
    <div
      class="d-flex-ac mt-32"
    >
      <label
        class="custom-label"
      >
        Last Name: 
      </label>
      <input
        class="custom-input"
        name="companyTitle"
        placeholder="Company Title"
        value=""
      />
    </div>
    <div
      class="form-actions"
    >
      <div
        class="action-container"
      >
        <button
          class="btn cancel"
          type="button"
        >
          Cancel
        </button>
        <button
          aria-label="submit"
          class="btn submit"
          disabled=""
          name="btn-submit"
          type="submit"
        >
          Submit
        </button>
      </div>
    </div>
  </form>
</div>
`;
