// Jest Snapshot v1, https://goo.gl/fbAQLP

exports[`User List should run its side effect and be rendered 1`] = `<div />`;
